../Core/Src/main.c:107:5:main	40	static
../Core/Src/main.c:199:6:SystemClock_Config	120	static
../Core/Src/main.c:258:13:MX_ADC1_Init	48	static
../Core/Src/main.c:326:13:MX_ETH_Init	8	static
../Core/Src/main.c:375:13:MX_TIM1_Init	40	static
../Core/Src/main.c:422:13:MX_USART3_UART_Init	8	static
../Core/Src/main.c:470:13:MX_USB_OTG_FS_PCD_Init	8	static
../Core/Src/main.c:504:13:MX_DMA_Init	16	static
../Core/Src/main.c:522:13:MX_GPIO_Init	32	static
../Core/Src/main.c:547:6:Error_Handler	4	static,ignoring_inline_asm
